// Jest Snapshot v1, https://goo.gl/fbAQLP

exports[`Button component should render correctly 1`] = `
<button
  className="btn"
  type="button"
/>
`;

exports[`ButtonLink component should render correctly 1`] = `
<button
  className="btn"
  type="button"
/>
`;
